Microchip MPLAB XC8 Compiler V1.35 ()

Linker command line:

--edf=C:\Program Files (x86)\Microchip\xc8\v1.35\dat\en_msgs.txt -cs \
  -h+dist/default/production\ServoPWMCode.X.production.sym \
  --cmf=dist/default/production\ServoPWMCode.X.production.cmf -z -Q16LF1508 \
  -oE:\Temp\s85o.2 -Mdist/default/production/ServoPWMCode.X.production.map \
  -E1 -ver=XC8 -ASTACK=02033h-020efh -pstack=STACK -ACODE=00h-07FFhx2 \
  -ASTRCODE=00h-0FFFh -ASTRING=00h-0FFhx16 -ACONST=00h-0FFhx16 \
  -AENTRY=00h-0FFhx16 -ACOMMON=070h-07Fh -ABANK0=020h-06Fh \
  -ABANK1=0A0h-0EFh -ABANK2=0120h-016Fh -ABIGRAM=02000h-020EFh \
  -ARAM=020h-06Fh,0A0h-0EFh,0120h-016Fh \
  -AABS1=020h-07Fh,0A0h-0EFh,0120h-016Fh -ASFR0=00h-01Fh -ASFR1=080h-09Fh \
  -ASFR2=0100h-011Fh -ASFR3=0180h-01EFh -ASFR4=0200h-026Fh \
  -ASFR5=0280h-02EFh -ASFR6=0300h-036Fh -ASFR7=0380h-03EFh \
  -ASFR8=0400h-046Fh -ASFR9=0480h-04EFh -ASFR10=0500h-056Fh \
  -ASFR11=0580h-05EFh -ASFR12=0600h-066Fh -ASFR13=0680h-06EFh \
  -ASFR14=0700h-076Fh -ASFR15=0780h-07EFh -ASFR16=0800h-086Fh \
  -ASFR17=0880h-08EFh -ASFR18=0900h-096Fh -ASFR19=0980h-09EFh \
  -ASFR20=0A00h-0A6Fh -ASFR21=0A80h-0AEFh -ASFR22=0B00h-0B6Fh \
  -ASFR23=0B80h-0BEFh -ASFR24=0C00h-0C6Fh -ASFR25=0C80h-0CEFh \
  -ASFR26=0D00h-0D6Fh -ASFR27=0D80h-0DEFh -ASFR28=0E00h-0E6Fh \
  -ASFR29=0E80h-0EEFh -ASFR30=0F00h-0F6Fh -ASFR31=0F80h-0FEFh \
  -preset_vec=00h,intentry,init,end_init -ppowerup=CODE -pcinit=CODE \
  -pfunctab=CODE -ACONFIG=08007h-08008h -pconfig=CONFIG -DCONFIG=2 \
  -AIDLOC=08000h-08003h -pidloc=IDLOC -DIDLOC=2 -DCODE=2 -DSTRCODE=2 \
  -DSTRING=2 -DCONST=2 -DENTRY=2 -k E:\Temp\s85o.obj \
  dist/default/production\ServoPWMCode.X.production.obj 

Object code version is 3.11

Machine type is 16LF1508



                Name                               Link     Load   Length Selector   Space Scale
E:\Temp\s85o.obj
                end_init                              2        2        2        0       0
                reset_vec                             0        0        2        0       0
                config                             8007     8007        2    1000E       0
dist/default/production\ServoPWMCode.X.production.obj
                cinit                               7F1      7F1        F      FE2       0
                text10                              44E      44E        8      89C       0
                text9                               4C7      4C7       28      98E       0
                text8                               464      464       14      8C8       0
                text7                               478      478       14      8F0       0
                text6                               4A7      4A7       20      94E       0
                text5                               523      523       37      A46       0
                text4                               4EF      4EF       34      9DE       0
                text3                               48C      48C       1B      918       0
                text2                               456      456        E      8AC       0
                text1                               639      639      1B8      C72       0
                maintext                            55A      55A       DF      AB4       0
                cstackBANK0                          20       20       30       20       1
                cstackCOMMON                         70       70        D       70       1
                dataBANK0                            50       50        3       20       1
                stringtext                          800      800       36     1000       0
                idataBANK0                          44B      44B        3      896       0

TOTAL           Name                               Link     Load   Length     Space
        CLASS   STACK          

        CLASS   CODE           
                end_init                              2        2        2         0
                cinit                               7F1      7F1        F         0
                reset_vec                             0        0        2         0
                text10                              44E      44E        8         0
                text9                               4C7      4C7       28         0
                text8                               464      464       14         0
                text7                               478      478       14         0
                text6                               4A7      4A7       20         0
                text5                               523      523       37         0
                text4                               4EF      4EF       34         0
                text3                               48C      48C       1B         0
                text2                               456      456        E         0
                text1                               639      639      1B8         0
                maintext                            55A      55A       DF         0
                idataBANK0                          44B      44B        3         0

        CLASS   STRCODE        
                stringtext                          800      800       36         0

        CLASS   STRING         

        CLASS   CONST          

        CLASS   ENTRY          

        CLASS   COMMON         
                cstackCOMMON                         70       70        D         1

        CLASS   BANK0          
                cstackBANK0                          20       20       30         1
                dataBANK0                            50       50        3         1

        CLASS   BANK1          

        CLASS   BANK2          

        CLASS   BIGRAM         

        CLASS   RAM            

        CLASS   ABS1           
                abs_s1                               7E       7E        2         1

        CLASS   SFR0           

        CLASS   SFR1           

        CLASS   SFR2           

        CLASS   SFR3           

        CLASS   SFR4           

        CLASS   SFR5           

        CLASS   SFR6           

        CLASS   SFR7           

        CLASS   SFR8           

        CLASS   SFR9           

        CLASS   SFR10          

        CLASS   SFR11          

        CLASS   SFR12          

        CLASS   SFR13          

        CLASS   SFR14          

        CLASS   SFR15          

        CLASS   SFR16          

        CLASS   SFR17          

        CLASS   SFR18          

        CLASS   SFR19          

        CLASS   SFR20          

        CLASS   SFR21          

        CLASS   SFR22          

        CLASS   SFR23          

        CLASS   SFR24          

        CLASS   SFR25          

        CLASS   SFR26          

        CLASS   SFR27          

        CLASS   SFR28          

        CLASS   SFR29          

        CLASS   SFR30          

        CLASS   SFR31          

        CLASS   CONFIG         
                config                             8007     8007        2         0

        CLASS   IDLOC          

        CLASS   BANK31         

        CLASS   BANK30         

        CLASS   BANK29         

        CLASS   BANK28         

        CLASS   BANK27         

        CLASS   BANK26         

        CLASS   BANK25         

        CLASS   BANK24         

        CLASS   BANK23         

        CLASS   BANK22         

        CLASS   BANK21         

        CLASS   BANK20         

        CLASS   BANK19         

        CLASS   BANK18         

        CLASS   BANK17         

        CLASS   BANK16         

        CLASS   BANK15         

        CLASS   BANK14         

        CLASS   BANK13         

        CLASS   BANK12         

        CLASS   BANK11         

        CLASS   BANK10         

        CLASS   BANK9          

        CLASS   BANK8          

        CLASS   BANK7          

        CLASS   BANK6          

        CLASS   BANK5          

        CLASS   BANK4          

        CLASS   BANK3          

        CLASS   EEDATA         



SEGMENTS        Name                           Load    Length   Top    Selector   Space  Class     Delta

                reset_vec                      000000  000004  000004         0       0  CODE        2
                cstackBANK0                    000020  000033  000053        20       1  BANK0       1
                cstackCOMMON                   000070  00000D  00007D        70       1  COMMON      1
                idataBANK0                     00044B  000003  00044E       896       0  CODE        2
                text10                         00044E  000008  000456       89C       0  CODE        2
                text2                          000456  00000E  000464       8AC       0  CODE        2
                text8                          000464  000014  000478       8C8       0  CODE        2
                text7                          000478  000014  00048C       8F0       0  CODE        2
                text3                          00048C  00001B  0004A7       918       0  CODE        2
                text6                          0004A7  000020  0004C7       94E       0  CODE        2
                text9                          0004C7  000028  0004EF       98E       0  CODE        2
                text4                          0004EF  000034  000523       9DE       0  CODE        2
                text5                          000523  000037  00055A       A46       0  CODE        2
                maintext                       00055A  0000DF  000639       AB4       0  CODE        2
                text1                          000639  0001B8  0007F1       C72       0  CODE        2
                cinit                          0007F1  00000F  000800       FE2       0  CODE        2
                stringtext                     000800  000036  000836      1000       0  STRCODE     2
                config                         008007  000002  008009     1000E       0  CONFIG      2


UNUSED ADDRESS RANGES

        Name                Unused          Largest block    Delta
        BANK0            00053-0006F              1D           1
        BANK1            000A0-000EF              50           1
        BANK2            00120-0016F              50           1
        BIGRAM           02000-020EF              F0           1
        CODE             00004-0044A             447           2
                         00836-00FFF             7CA
        COMMON           0007D-0007D               1           1
        CONST            00004-0044A             100           2
                         00836-00FFF             100
        ENTRY            00004-0044A             100           2
                         00836-00FFF             100
        IDLOC            08000-08003               4           2
        RAM              00053-0006F              1D           1
                         000A0-000EF              50
                         00120-0016F              50
        SFR0             00000-0001F              20           1
        SFR1             00080-0009F              20           1
        SFR10            00500-0056F              70           1
        SFR11            00580-005EF              70           1
        SFR12            00600-0066F              70           1
        SFR13            00680-006EF              70           1
        SFR14            00700-0076F              70           1
        SFR15            00780-007EF              70           1
        SFR16            00800-0086F              70           1
        SFR17            00880-008EF              70           1
        SFR18            00900-0096F              70           1
        SFR19            00980-009EF              70           1
        SFR2             00100-0011F              20           1
        SFR20            00A00-00A6F              70           1
        SFR21            00A80-00AEF              70           1
        SFR22            00B00-00B6F              70           1
        SFR23            00B80-00BEF              70           1
        SFR24            00C00-00C6F              70           1
        SFR25            00C80-00CEF              70           1
        SFR26            00D00-00D6F              70           1
        SFR27            00D80-00DEF              70           1
        SFR28            00E00-00E6F              70           1
        SFR29            00E80-00EEF              70           1
        SFR3             00180-001EF              70           1
        SFR30            00F00-00F6F              70           1
        SFR31            00F80-00FEF              70           1
        SFR4             00200-0026F              70           1
        SFR5             00280-002EF              70           1
        SFR6             00300-0036F              70           1
        SFR7             00380-003EF              70           1
        SFR8             00400-0046F              70           1
        SFR9             00480-004EF              70           1
        STACK            02033-020EF              BD           1
        STRCODE          00004-0044A             447           2
                         00836-00FFF             7CA
        STRING           00004-0044A             100           2
                         00836-00FFF             100

                                  Symbol Table

?___lwdiv                cstackCOMMON 00070
?___wmul                 cstackCOMMON 00070
?_sprintf                cstackCOMMON 00078
PrintStrToUART@ii        cstackCOMMON 00074
PrintStrToUART@len       cstackCOMMON 00071
PrintStrToUART@str       cstackCOMMON 00073
SetAltVal@val            cstackCOMMON 00071
SetAzVal@val             cstackCOMMON 00071
_ANSELAbits              (abs)        0018C
_ANSELCbits              (abs)        0018E
_BRG16                   (abs)        00CFB
_BRGH                    (abs)        00CF2
_CREN                    (abs)        00CEC
_FERR                    (abs)        00CEA
_OERR                    (abs)        00CE9
_OSCCON                  (abs)        00099
_PORTAbits               (abs)        0000C
_PORTCbits               (abs)        0000E
_PR2                     (abs)        0001B
_PWM1CON                 (abs)        00613
_PWM1DCH                 (abs)        00612
_PWM1DCL                 (abs)        00611
_PWM2CON                 (abs)        00616
_PWM2DCH                 (abs)        00615
_PWM2DCL                 (abs)        00614
_PrintStrToUART          text9        004C7
_RCIE                    (abs)        0048D
_RCIF                    (abs)        0008D
_RCREG                   (abs)        00199
_RX9                     (abs)        00CEE
_RX9D                    (abs)        00CE8
_SPBRG                   (abs)        0019B
_SPEN                    (abs)        00CEF
_SREN                    (abs)        00CED
_SYNC                    (abs)        00CF4
_SetAltVal               text8        00464
_SetAzVal                text7        00478
_T2CON                   (abs)        0001C
_TRISAbits               (abs)        0008C
_TRISCbits               (abs)        0008E
_TX9                     (abs)        00CF6
_TXEN                    (abs)        00CF5
_TXIE                    (abs)        0048C
_TXIF                    (abs)        0008C
_TXREG                   (abs)        0019A
__CFG_BOREN$ON           (abs)        00000
__CFG_BORV$LO            (abs)        00000
__CFG_CLKOUTEN$OFF       (abs)        00000
__CFG_CP$OFF             (abs)        00000
__CFG_FCMEN$ON           (abs)        00000
__CFG_FOSC$INTOSC        (abs)        00000
__CFG_IESO$ON            (abs)        00000
__CFG_LPBOR$OFF          (abs)        00000
__CFG_LVP$OFF            (abs)        00000
__CFG_MCLRE$ON           (abs)        00000
__CFG_PWRTE$ON           (abs)        00000
__CFG_STVREN$ON          (abs)        00000
__CFG_WDTE$OFF           (abs)        00000
__CFG_WRT$OFF            (abs)        00000
__Habs1                  abs1         00000
__Hbank0                 bank0        00000
__Hbank1                 bank1        00000
__Hbank10                bank10       00000
__Hbank11                bank11       00000
__Hbank12                bank12       00000
__Hbank13                bank13       00000
__Hbank14                bank14       00000
__Hbank15                bank15       00000
__Hbank16                bank16       00000
__Hbank17                bank17       00000
__Hbank18                bank18       00000
__Hbank19                bank19       00000
__Hbank2                 bank2        00000
__Hbank20                bank20       00000
__Hbank21                bank21       00000
__Hbank22                bank22       00000
__Hbank23                bank23       00000
__Hbank24                bank24       00000
__Hbank25                bank25       00000
__Hbank26                bank26       00000
__Hbank27                bank27       00000
__Hbank28                bank28       00000
__Hbank29                bank29       00000
__Hbank3                 bank3        00000
__Hbank30                bank30       00000
__Hbank31                bank31       00000
__Hbank4                 bank4        00000
__Hbank5                 bank5        00000
__Hbank6                 bank6        00000
__Hbank7                 bank7        00000
__Hbank8                 bank8        00000
__Hbank9                 bank9        00000
__Hbigram                bigram       00000
__Hcinit                 cinit        00800
__Hclrtext               clrtext      00000
__Hcode                  code         00000
__Hcommon                common       00000
__Hconfig                config       08009
__HcstackBANK0           cstackBANK0  00000
__HcstackCOMMON          cstackCOMMON 00000
__HdataBANK0             dataBANK0    00000
__Heeprom_data           eeprom_data  00000
__Hend_init              end_init     00004
__Hfunctab               functab      00000
__HidataBANK0            idataBANK0   00000
__Hidloc                 idloc        00000
__Hinit                  init         00002
__Hintentry              intentry     00002
__Hmaintext              maintext     00000
__Hpowerup               powerup      00000
__Hram                   ram          00000
__Hreset_vec             reset_vec    00002
__Hsfr0                  sfr0         00000
__Hsfr1                  sfr1         00000
__Hsfr10                 sfr10        00000
__Hsfr11                 sfr11        00000
__Hsfr12                 sfr12        00000
__Hsfr13                 sfr13        00000
__Hsfr14                 sfr14        00000
__Hsfr15                 sfr15        00000
__Hsfr16                 sfr16        00000
__Hsfr17                 sfr17        00000
__Hsfr18                 sfr18        00000
__Hsfr19                 sfr19        00000
__Hsfr2                  sfr2         00000
__Hsfr20                 sfr20        00000
__Hsfr21                 sfr21        00000
__Hsfr22                 sfr22        00000
__Hsfr23                 sfr23        00000
__Hsfr24                 sfr24        00000
__Hsfr25                 sfr25        00000
__Hsfr26                 sfr26        00000
__Hsfr27                 sfr27        00000
__Hsfr28                 sfr28        00000
__Hsfr29                 sfr29        00000
__Hsfr3                  sfr3         00000
__Hsfr30                 sfr30        00000
__Hsfr31                 sfr31        00000
__Hsfr4                  sfr4         00000
__Hsfr5                  sfr5         00000
__Hsfr6                  sfr6         00000
__Hsfr7                  sfr7         00000
__Hsfr8                  sfr8         00000
__Hsfr9                  sfr9         00000
__Hspace_0               (abs)        08009
__Hspace_1               (abs)        0007D
__Hspace_2               (abs)        00000
__Hspace_3               (abs)        00000
__Hstack                 stack        00000
__Hstrings               strings      00000
__Hstringtext            stringtext   00000
__Htext                  text         00000
__Labs1                  abs1         00000
__Lbank0                 bank0        00000
__Lbank1                 bank1        00000
__Lbank10                bank10       00000
__Lbank11                bank11       00000
__Lbank12                bank12       00000
__Lbank13                bank13       00000
__Lbank14                bank14       00000
__Lbank15                bank15       00000
__Lbank16                bank16       00000
__Lbank17                bank17       00000
__Lbank18                bank18       00000
__Lbank19                bank19       00000
__Lbank2                 bank2        00000
__Lbank20                bank20       00000
__Lbank21                bank21       00000
__Lbank22                bank22       00000
__Lbank23                bank23       00000
__Lbank24                bank24       00000
__Lbank25                bank25       00000
__Lbank26                bank26       00000
__Lbank27                bank27       00000
__Lbank28                bank28       00000
__Lbank29                bank29       00000
__Lbank3                 bank3        00000
__Lbank30                bank30       00000
__Lbank31                bank31       00000
__Lbank4                 bank4        00000
__Lbank5                 bank5        00000
__Lbank6                 bank6        00000
__Lbank7                 bank7        00000
__Lbank8                 bank8        00000
__Lbank9                 bank9        00000
__Lbigram                bigram       00000
__Lcinit                 cinit        007F1
__Lclrtext               clrtext      00000
__Lcode                  code         00000
__Lcommon                common       00000
__Lconfig                config       08007
__LcstackBANK0           cstackBANK0  00000
__LcstackCOMMON          cstackCOMMON 00000
__LdataBANK0             dataBANK0    00000
__Leeprom_data           eeprom_data  00000
__Lend_init              end_init     00002
__Lfunctab               functab      00000
__LidataBANK0            idataBANK0   00000
__Lidloc                 idloc        00000
__Linit                  init         00002
__Lintentry              intentry     00002
__Lmaintext              maintext     00000
__Lpowerup               powerup      00000
__Lram                   ram          00000
__Lreset_vec             reset_vec    00000
__Lsfr0                  sfr0         00000
__Lsfr1                  sfr1         00000
__Lsfr10                 sfr10        00000
__Lsfr11                 sfr11        00000
__Lsfr12                 sfr12        00000
__Lsfr13                 sfr13        00000
__Lsfr14                 sfr14        00000
__Lsfr15                 sfr15        00000
__Lsfr16                 sfr16        00000
__Lsfr17                 sfr17        00000
__Lsfr18                 sfr18        00000
__Lsfr19                 sfr19        00000
__Lsfr2                  sfr2         00000
__Lsfr20                 sfr20        00000
__Lsfr21                 sfr21        00000
__Lsfr22                 sfr22        00000
__Lsfr23                 sfr23        00000
__Lsfr24                 sfr24        00000
__Lsfr25                 sfr25        00000
__Lsfr26                 sfr26        00000
__Lsfr27                 sfr27        00000
__Lsfr28                 sfr28        00000
__Lsfr29                 sfr29        00000
__Lsfr3                  sfr3         00000
__Lsfr30                 sfr30        00000
__Lsfr31                 sfr31        00000
__Lsfr4                  sfr4         00000
__Lsfr5                  sfr5         00000
__Lsfr6                  sfr6         00000
__Lsfr7                  sfr7         00000
__Lsfr8                  sfr8         00000
__Lsfr9                  sfr9         00000
__Lspace_0               (abs)        00000
__Lspace_1               (abs)        00000
__Lspace_2               (abs)        00000
__Lspace_3               (abs)        00000
__Lstack                 stack        00000
__Lstrings               strings      00000
__Lstringtext            stringtext   00000
__Ltext                  text         00000
__S0                     (abs)        08009
__S1                     (abs)        0007D
__S2                     (abs)        00000
___int_sp                stack        00000
___latbits               (abs)        00001
___lwdiv                 text4        004EF
___lwdiv@counter         cstackCOMMON 00077
___lwdiv@dividend        cstackCOMMON 00072
___lwdiv@divisor         cstackCOMMON 00070
___lwdiv@quotient        cstackCOMMON 00075
___sp                    stack        00000
___wmul                  text3        0048C
___wmul@multiplicand     cstackCOMMON 00072
___wmul@multiplier       cstackCOMMON 00070
___wmul@product          cstackCOMMON 00074
__end_of_PrintStrToUART  text9        004EF
__end_of_SetAltVal       text8        00478
__end_of_SetAzVal        text7        0048C
__end_of___lwdiv         text4        00523
__end_of___wmul          text3        004A7
__end_of__initialization cinit        007FD
__end_of_hexpowers       stringtext   00808
__end_of_init            text5        0055A
__end_of_isdigit         text2        00464
__end_of_main            maintext     00639
__end_of_putch           text10       00456
__end_of_sci_Init        text6        004C7
__end_of_sprintf         text1        007F1
__initialization         cinit        007F1
__pcstackBANK0           cstackBANK0  00020
__pcstackCOMMON          cstackCOMMON 00070
__pdataBANK0             dataBANK0    00050
__pidataBANK0            idataBANK0   0044B
__pmaintext              maintext     0055A
__pstringtext            stringtext   00800
__ptext1                 text1        00639
__ptext10                text10       0044E
__ptext2                 text2        00456
__ptext3                 text3        0048C
__ptext4                 text4        004EF
__ptext5                 text5        00523
__ptext6                 text6        004A7
__ptext7                 text7        00478
__ptext8                 text8        00464
__ptext9                 text9        004C7
__size_of_PrintStrToUART (abs)        00000
__size_of_SetAltVal      (abs)        00000
__size_of_SetAzVal       (abs)        00000
__size_of___lwdiv        (abs)        00000
__size_of___wmul         (abs)        00000
__size_of_init           (abs)        00000
__size_of_isdigit        (abs)        00000
__size_of_main           (abs)        00000
__size_of_putch          (abs)        00000
__size_of_sci_Init       (abs)        00000
__size_of_sprintf        (abs)        00000
_hexpowers               stringtext   00800
_init                    text5        00523
_isdigit                 text2        00456
_isdigit$410             cstackCOMMON 00070
_main                    maintext     0055A
_putch                   text10       0044E
_sci_Init                text6        004A7
_sprintf                 text1        00639
btemp                    (abs)        0007E
end_of_initialization    cinit        007FD
intlevel0                functab      00000
intlevel1                functab      00000
intlevel2                functab      00000
intlevel3                functab      00000
intlevel4                functab      00000
intlevel5                functab      00000
isdigit@c                cstackCOMMON 00071
ltemp                    (abs)        0007E
ltemp0                   (abs)        0007E
ltemp1                   (abs)        00082
ltemp2                   (abs)        00086
ltemp3                   (abs)        00080
main@F4271               dataBANK0    00050
main@altDir              cstackBANK0  0004D
main@altVal              cstackBANK0  0004E
main@azDir               cstackBANK0  0004F
main@azstr               cstackBANK0  00049
main@str                 cstackBANK0  00035
main@wasMove             cstackBANK0  0004C
putch@data               cstackCOMMON 00070
reset_vec                reset_vec    00000
sci_Init@baud            cstackCOMMON 00070
sci_Init@ninebits        cstackCOMMON 00074
sprintf@ap               cstackBANK0  00029
sprintf@c                cstackBANK0  00031
sprintf@cp               cstackBANK0  0002A
sprintf@f                cstackCOMMON 00078
sprintf@flag             cstackBANK0  00025
sprintf@idx              cstackBANK0  00024
sprintf@len              cstackBANK0  0002C
sprintf@prec             cstackBANK0  00028
sprintf@sp               cstackBANK0  0002E
sprintf@val              cstackBANK0  00026
sprintf@width            cstackBANK0  0002F
stackhi                  (abs)        020EF
stacklo                  (abs)        02033
start                    init         00002
start_initialization     cinit        007F1
ttemp                    (abs)        0007E
ttemp0                   (abs)        0007E
ttemp1                   (abs)        00081
ttemp2                   (abs)        00084
ttemp3                   (abs)        00087
ttemp4                   (abs)        0007F
wtemp                    (abs)        0007E
wtemp0                   (abs)        0007E
wtemp1                   (abs)        00080
wtemp2                   (abs)        00082
wtemp3                   (abs)        00084
wtemp4                   (abs)        00086
wtemp5                   (abs)        00088
wtemp6                   (abs)        0007F


FUNCTION INFORMATION:

 *************** function _main *****************
 Defined at:
		line 276 in file "main.c"
 Parameters:    Size  Location     Type
		None
 Auto vars:     Size  Location     Type
  str            20   21[BANK0 ] unsigned char [20]
  azstr           3   41[BANK0 ] unsigned char [3]
  azDir           1   47[BANK0 ] unsigned char 
  altVal          1   46[BANK0 ] unsigned char 
  altDir          1   45[BANK0 ] unsigned char 
  wasMove         1   44[BANK0 ] unsigned char 
 Return value:  Size  Location     Type
		None               void
 Registers used:
		wreg, fsr0l, fsr0h, fsr1l, fsr1h, status,2, status,0, pclath, cstack
 Tracked objects:
		On entry : 
		On exit  : 
		Unchanged: 
 Data sizes:     COMMON   BANK0   BANK1   BANK2
      Params:         0       0       0       0
      Locals:         0      27       0       0
      Temps:          0       3       0       0
      Totals:         0      30       0       0
Total ram usage:       30 bytes
 Hardware stack levels required when called:    2
 This function calls:
		_PrintStrToUART
		_SetAltVal
		_SetAzVal
		_init
		_sprintf
 This function is called by:
		Startup code after reset
 This function uses a non-reentrant model


 *************** function _sprintf *****************
 Defined at:
		line 492 in file "C:\Program Files (x86)\Microchip\xc8\v1.35\sources\common\doprnt.c"
 Parameters:    Size  Location     Type
  sp              1    wreg     PTR unsigned char 
		 -> main@str(20), 
  f               2    8[COMMON] PTR const unsigned char 
		 -> STR_1(22), 
 Auto vars:     Size  Location     Type
  sp              1   14[BANK0 ] PTR unsigned char 
		 -> main@str(20), 
  idx             1    4[BANK0 ] unsigned char 
  tmpval          4    0        struct .
  width           2   15[BANK0 ] int 
  len             2   12[BANK0 ] unsigned int 
  cp              2   10[BANK0 ] PTR const unsigned char 
		 -> STR_2(7), main@azstr(3), 
  val             2    6[BANK0 ] unsigned int 
  c               1   17[BANK0 ] char 
  ap              1    9[BANK0 ] PTR void [1]
		 -> ?_sprintf(2), 
  prec            1    8[BANK0 ] char 
  flag            1    5[BANK0 ] unsigned char 
 Return value:  Size  Location     Type
                  2    8[COMMON] int 
 Registers used:
		wreg, fsr0l, fsr0h, fsr1l, fsr1h, status,2, status,0, pclath, cstack
 Tracked objects:
		On entry : 
		On exit  : 
		Unchanged: 
 Data sizes:     COMMON   BANK0   BANK1   BANK2
      Params:         5       0       0       0
      Locals:         0      14       0       0
      Temps:          0       4       0       0
      Totals:         5      18       0       0
Total ram usage:       23 bytes
 Hardware stack levels used:    1
 Hardware stack levels required when called:    1
 This function calls:
		___lwdiv
		___wmul
		_isdigit
 This function is called by:
		_main
 This function uses a non-reentrant model


 *************** function _isdigit *****************
 Defined at:
		line 8 in file "C:\Program Files (x86)\Microchip\xc8\v1.35\sources\common\isdigit.c"
 Parameters:    Size  Location     Type
  c               1    wreg     unsigned char 
 Auto vars:     Size  Location     Type
  c               1    1[COMMON] unsigned char 
 Return value:  Size  Location     Type
		None               void
 Registers used:
		wreg, status,2, status,0
 Tracked objects:
		On entry : 
		On exit  : 
		Unchanged: 
 Data sizes:     COMMON   BANK0   BANK1   BANK2
      Params:         0       0       0       0
      Locals:         2       0       0       0
      Temps:          0       0       0       0
      Totals:         2       0       0       0
Total ram usage:        2 bytes
 Hardware stack levels used:    1
 This function calls:
		Nothing
 This function is called by:
		_sprintf
 This function uses a non-reentrant model


 *************** function ___wmul *****************
 Defined at:
		line 15 in file "C:\Program Files (x86)\Microchip\xc8\v1.35\sources\common\Umul16.c"
 Parameters:    Size  Location     Type
  multiplier      2    0[COMMON] unsigned int 
  multiplicand    2    2[COMMON] unsigned int 
 Auto vars:     Size  Location     Type
  product         2    4[COMMON] unsigned int 
 Return value:  Size  Location     Type
                  2    0[COMMON] unsigned int 
 Registers used:
		wreg, status,2, status,0
 Tracked objects:
		On entry : 
		On exit  : 
		Unchanged: 
 Data sizes:     COMMON   BANK0   BANK1   BANK2
      Params:         4       0       0       0
      Locals:         2       0       0       0
      Temps:          0       0       0       0
      Totals:         6       0       0       0
Total ram usage:        6 bytes
 Hardware stack levels used:    1
 This function calls:
		Nothing
 This function is called by:
		_sprintf
 This function uses a non-reentrant model


 *************** function ___lwdiv *****************
 Defined at:
		line 6 in file "C:\Program Files (x86)\Microchip\xc8\v1.35\sources\common\lwdiv.c"
 Parameters:    Size  Location     Type
  divisor         2    0[COMMON] unsigned int 
  dividend        2    2[COMMON] unsigned int 
 Auto vars:     Size  Location     Type
  quotient        2    5[COMMON] unsigned int 
  counter         1    7[COMMON] unsigned char 
 Return value:  Size  Location     Type
                  2    0[COMMON] unsigned int 
 Registers used:
		wreg, status,2, status,0
 Tracked objects:
		On entry : 
		On exit  : 
		Unchanged: 
 Data sizes:     COMMON   BANK0   BANK1   BANK2
      Params:         4       0       0       0
      Locals:         3       0       0       0
      Temps:          1       0       0       0
      Totals:         8       0       0       0
Total ram usage:        8 bytes
 Hardware stack levels used:    1
 This function calls:
		Nothing
 This function is called by:
		_sprintf
 This function uses a non-reentrant model


 *************** function _init *****************
 Defined at:
		line 206 in file "main.c"
 Parameters:    Size  Location     Type
		None
 Auto vars:     Size  Location     Type
		None
 Return value:  Size  Location     Type
		None               void
 Registers used:
		wreg, status,2, status,0, pclath, cstack
 Tracked objects:
		On entry : 
		On exit  : 
		Unchanged: 
 Data sizes:     COMMON   BANK0   BANK1   BANK2
      Params:         0       0       0       0
      Locals:         0       0       0       0
      Temps:          0       0       0       0
      Totals:         0       0       0       0
Total ram usage:        0 bytes
 Hardware stack levels used:    1
 Hardware stack levels required when called:    1
 This function calls:
		_SetAltVal
		_SetAzVal
		_sci_Init
 This function is called by:
		_main
 This function uses a non-reentrant model


 *************** function _sci_Init *****************
 Defined at:
		line 58 in file "main.c"
 Parameters:    Size  Location     Type
  baud            4    0[COMMON] unsigned long 
  ninebits        1    4[COMMON] unsigned char 
 Auto vars:     Size  Location     Type
  tmp             4    0        unsigned long 
  X               2    0        int 
 Return value:  Size  Location     Type
                  1    wreg      unsigned char 
 Registers used:
		wreg, status,2, status,0
 Tracked objects:
		On entry : 
		On exit  : 
		Unchanged: 
 Data sizes:     COMMON   BANK0   BANK1   BANK2
      Params:         5       0       0       0
      Locals:         0       0       0       0
      Temps:          0       0       0       0
      Totals:         5       0       0       0
Total ram usage:        5 bytes
 Hardware stack levels used:    1
 This function calls:
		Nothing
 This function is called by:
		_init
 This function uses a non-reentrant model


 *************** function _SetAzVal *****************
 Defined at:
		line 200 in file "main.c"
 Parameters:    Size  Location     Type
  val             1    wreg     unsigned char 
 Auto vars:     Size  Location     Type
  val             1    1[COMMON] unsigned char 
 Return value:  Size  Location     Type
		None               void
 Registers used:
		wreg, status,2, status,0
 Tracked objects:
		On entry : 
		On exit  : 
		Unchanged: 
 Data sizes:     COMMON   BANK0   BANK1   BANK2
      Params:         0       0       0       0
      Locals:         1       0       0       0
      Temps:          1       0       0       0
      Totals:         2       0       0       0
Total ram usage:        2 bytes
 Hardware stack levels used:    1
 This function calls:
		Nothing
 This function is called by:
		_init
		_main
 This function uses a non-reentrant model


 *************** function _SetAltVal *****************
 Defined at:
		line 194 in file "main.c"
 Parameters:    Size  Location     Type
  val             1    wreg     unsigned char 
 Auto vars:     Size  Location     Type
  val             1    1[COMMON] unsigned char 
 Return value:  Size  Location     Type
		None               void
 Registers used:
		wreg, status,2, status,0
 Tracked objects:
		On entry : 
		On exit  : 
		Unchanged: 
 Data sizes:     COMMON   BANK0   BANK1   BANK2
      Params:         0       0       0       0
      Locals:         1       0       0       0
      Temps:          1       0       0       0
      Totals:         2       0       0       0
Total ram usage:        2 bytes
 Hardware stack levels used:    1
 This function calls:
		Nothing
 This function is called by:
		_init
		_main
 This function uses a non-reentrant model


 *************** function _PrintStrToUART *****************
 Defined at:
		line 264 in file "main.c"
 Parameters:    Size  Location     Type
  str             1    wreg     PTR unsigned char 
		 -> main@str(20), 
  len             1    1[COMMON] unsigned char 
 Auto vars:     Size  Location     Type
  str             1    3[COMMON] PTR unsigned char 
		 -> main@str(20), 
  ii              1    4[COMMON] unsigned char 
 Return value:  Size  Location     Type
		None               void
 Registers used:
		wreg, fsr1l, fsr1h, status,2, status,0, pclath, cstack
 Tracked objects:
		On entry : 
		On exit  : 
		Unchanged: 
 Data sizes:     COMMON   BANK0   BANK1   BANK2
      Params:         1       0       0       0
      Locals:         2       0       0       0
      Temps:          1       0       0       0
      Totals:         4       0       0       0
Total ram usage:        4 bytes
 Hardware stack levels used:    1
 Hardware stack levels required when called:    1
 This function calls:
		_putch
 This function is called by:
		_main
 This function uses a non-reentrant model


 *************** function _putch *****************
 Defined at:
		line 162 in file "main.c"
 Parameters:    Size  Location     Type
  data            1    wreg     unsigned char 
 Auto vars:     Size  Location     Type
  data            1    0[COMMON] unsigned char 
 Return value:  Size  Location     Type
		None               void
 Registers used:
		wreg
 Tracked objects:
		On entry : 
		On exit  : 
		Unchanged: 
 Data sizes:     COMMON   BANK0   BANK1   BANK2
      Params:         0       0       0       0
      Locals:         1       0       0       0
      Temps:          0       0       0       0
      Totals:         1       0       0       0
Total ram usage:        1 bytes
 Hardware stack levels used:    1
 This function calls:
		Nothing
 This function is called by:
		_PrintStrToUART
 This function uses a non-reentrant model



MODULE INFORMATION

Module		Function		Class		Link	Load	Size
C:\Program Files (x86)\Microchip\xc8\v1.35\sources\common\isdigit.c
		_isdigit       		CODE           	0456	0000	15

C:\Program Files (x86)\Microchip\xc8\v1.35\sources\common\isdigit.c estimated size: 15

C:\Program Files (x86)\Microchip\xc8\v1.35\sources\common\doprnt.c
		_sprintf       		CODE           	0639	0000	441

C:\Program Files (x86)\Microchip\xc8\v1.35\sources\common\doprnt.c estimated size: 441

shared
		__initialization		CODE           	07F1	0000	13
		_hexpowers     		STRCODE        	0800	0000	9

shared estimated size: 22

C:\Program Files (x86)\Microchip\xc8\v1.35\sources\common\lwdiv.c
		___lwdiv       		CODE           	04EF	0000	53

C:\Program Files (x86)\Microchip\xc8\v1.35\sources\common\lwdiv.c estimated size: 53

C:\Program Files (x86)\Microchip\xc8\v1.35\sources\common\Umul16.c
		___wmul        		CODE           	048C	0000	28

C:\Program Files (x86)\Microchip\xc8\v1.35\sources\common\Umul16.c estimated size: 28

main.c
		_SetAzVal      		CODE           	0478	0000	21
		_init          		CODE           	0523	0000	56
		_putch         		CODE           	044E	0000	9
		_main          		CODE           	055A	0000	224
		_SetAltVal     		CODE           	0464	0000	21
		_sci_Init      		CODE           	04A7	0000	33
		_PrintStrToUART		CODE           	04C7	0000	41

main.c estimated size: 405

