------------------------------------------------------------
TimeQuest Timing Analyzer Summary
------------------------------------------------------------

Type  : Setup 'pulse'
Slack : -20.749
TNS   : -284.617

Type  : Setup 'fvcIn'
Slack : -11.397
TNS   : -315.297

Type  : Setup 'latch'
Slack : -7.992
TNS   : -171.276

Type  : Setup 'eq'
Slack : -4.444
TNS   : -54.433

Type  : Hold 'eq'
Slack : -0.150
TNS   : -0.956

Type  : Hold 'latch'
Slack : 3.120
TNS   : 0.000

Type  : Hold 'pulse'
Slack : 3.362
TNS   : 0.000

Type  : Hold 'fvcIn'
Slack : 3.779
TNS   : 0.000

Type  : Recovery 'fvcIn'
Slack : -12.206
TNS   : -373.960

Type  : Recovery 'pulse'
Slack : -9.771
TNS   : -276.290

Type  : Removal 'pulse'
Slack : 3.573
TNS   : 0.000

Type  : Removal 'fvcIn'
Slack : 6.483
TNS   : 0.000

Type  : Minimum Pulse Width 'fvcIn'
Slack : -2.289
TNS   : -2.289

Type  : Minimum Pulse Width 'latch'
Slack : -2.289
TNS   : -2.289

Type  : Minimum Pulse Width 'pulse'
Slack : -2.289
TNS   : -2.289

Type  : Minimum Pulse Width 'eq'
Slack : 0.161
TNS   : 0.000

------------------------------------------------------------
